Archive member included because of file (symbol)

/Users/lexlevi/Desktop/arm/gcc-arm/bin/../lib/gcc/arm-none-eabi/4.9.3/../../../../arm-none-eabi/lib/libm.a(lib_a-s_sin.o)
                              source/wave/wave.o (sin)
/Users/lexlevi/Desktop/arm/gcc-arm/bin/../lib/gcc/arm-none-eabi/4.9.3/../../../../arm-none-eabi/lib/libm.a(lib_a-e_rem_pio2.o)
                              /Users/lexlevi/Desktop/arm/gcc-arm/bin/../lib/gcc/arm-none-eabi/4.9.3/../../../../arm-none-eabi/lib/libm.a(lib_a-s_sin.o) (__ieee754_rem_pio2)
/Users/lexlevi/Desktop/arm/gcc-arm/bin/../lib/gcc/arm-none-eabi/4.9.3/../../../../arm-none-eabi/lib/libm.a(lib_a-k_cos.o)
                              /Users/lexlevi/Desktop/arm/gcc-arm/bin/../lib/gcc/arm-none-eabi/4.9.3/../../../../arm-none-eabi/lib/libm.a(lib_a-s_sin.o) (__kernel_cos)
/Users/lexlevi/Desktop/arm/gcc-arm/bin/../lib/gcc/arm-none-eabi/4.9.3/../../../../arm-none-eabi/lib/libm.a(lib_a-k_rem_pio2.o)
                              /Users/lexlevi/Desktop/arm/gcc-arm/bin/../lib/gcc/arm-none-eabi/4.9.3/../../../../arm-none-eabi/lib/libm.a(lib_a-e_rem_pio2.o) (__kernel_rem_pio2)
/Users/lexlevi/Desktop/arm/gcc-arm/bin/../lib/gcc/arm-none-eabi/4.9.3/../../../../arm-none-eabi/lib/libm.a(lib_a-k_sin.o)
                              /Users/lexlevi/Desktop/arm/gcc-arm/bin/../lib/gcc/arm-none-eabi/4.9.3/../../../../arm-none-eabi/lib/libm.a(lib_a-s_sin.o) (__kernel_sin)
/Users/lexlevi/Desktop/arm/gcc-arm/bin/../lib/gcc/arm-none-eabi/4.9.3/../../../../arm-none-eabi/lib/libm.a(lib_a-s_fabs.o)
                              /Users/lexlevi/Desktop/arm/gcc-arm/bin/../lib/gcc/arm-none-eabi/4.9.3/../../../../arm-none-eabi/lib/libm.a(lib_a-e_rem_pio2.o) (fabs)
/Users/lexlevi/Desktop/arm/gcc-arm/bin/../lib/gcc/arm-none-eabi/4.9.3/../../../../arm-none-eabi/lib/libm.a(lib_a-s_floor.o)
                              /Users/lexlevi/Desktop/arm/gcc-arm/bin/../lib/gcc/arm-none-eabi/4.9.3/../../../../arm-none-eabi/lib/libm.a(lib_a-k_rem_pio2.o) (floor)
/Users/lexlevi/Desktop/arm/gcc-arm/bin/../lib/gcc/arm-none-eabi/4.9.3/../../../../arm-none-eabi/lib/libm.a(lib_a-s_scalbn.o)
                              /Users/lexlevi/Desktop/arm/gcc-arm/bin/../lib/gcc/arm-none-eabi/4.9.3/../../../../arm-none-eabi/lib/libm.a(lib_a-k_rem_pio2.o) (scalbn)
/Users/lexlevi/Desktop/arm/gcc-arm/bin/../lib/gcc/arm-none-eabi/4.9.3/../../../../arm-none-eabi/lib/libm.a(lib_a-s_copysign.o)
                              /Users/lexlevi/Desktop/arm/gcc-arm/bin/../lib/gcc/arm-none-eabi/4.9.3/../../../../arm-none-eabi/lib/libm.a(lib_a-s_scalbn.o) (copysign)
/Users/lexlevi/Desktop/arm/gcc-arm/bin/../lib/gcc/arm-none-eabi/4.9.3/libgcc.a(_arm_addsubdf3.o)
                              /Users/lexlevi/Desktop/arm/gcc-arm/bin/../lib/gcc/arm-none-eabi/4.9.3/../../../../arm-none-eabi/lib/libm.a(lib_a-s_sin.o) (__aeabi_dsub)
/Users/lexlevi/Desktop/arm/gcc-arm/bin/../lib/gcc/arm-none-eabi/4.9.3/libgcc.a(_arm_muldivdf3.o)
                              source/wave/wave.o (__aeabi_dmul)
/Users/lexlevi/Desktop/arm/gcc-arm/bin/../lib/gcc/arm-none-eabi/4.9.3/libgcc.a(_arm_cmpdf2.o)
                              /Users/lexlevi/Desktop/arm/gcc-arm/bin/../lib/gcc/arm-none-eabi/4.9.3/../../../../arm-none-eabi/lib/libm.a(lib_a-e_rem_pio2.o) (__aeabi_dcmpeq)
/Users/lexlevi/Desktop/arm/gcc-arm/bin/../lib/gcc/arm-none-eabi/4.9.3/libgcc.a(_arm_fixdfsi.o)
                              /Users/lexlevi/Desktop/arm/gcc-arm/bin/../lib/gcc/arm-none-eabi/4.9.3/../../../../arm-none-eabi/lib/libm.a(lib_a-e_rem_pio2.o) (__aeabi_d2iz)
/Users/lexlevi/Desktop/arm/gcc-arm/bin/../lib/gcc/arm-none-eabi/4.9.3/libgcc.a(_arm_fixunsdfsi.o)
                              source/wave/wave.o (__aeabi_d2uiz)

Discarded input sections

 .group         0x0000000000000000        0x8 includes/STM32F4xx_StdPeriph_Driver/src/misc.o
 .group         0x0000000000000000        0x8 includes/STM32F4xx_StdPeriph_Driver/src/misc.o
 .group         0x0000000000000000        0x8 includes/STM32F4xx_StdPeriph_Driver/src/misc.o
 .group         0x0000000000000000        0x8 includes/STM32F4xx_StdPeriph_Driver/src/misc.o
 .group         0x0000000000000000        0x8 includes/STM32F4xx_StdPeriph_Driver/src/misc.o
 .group         0x0000000000000000        0x8 includes/STM32F4xx_StdPeriph_Driver/src/misc.o
 .group         0x0000000000000000        0x8 includes/STM32F4xx_StdPeriph_Driver/src/misc.o
 .group         0x0000000000000000        0x8 includes/STM32F4xx_StdPeriph_Driver/src/misc.o
 .group         0x0000000000000000        0x8 includes/STM32F4xx_StdPeriph_Driver/src/misc.o
 .group         0x0000000000000000        0x8 includes/STM32F4xx_StdPeriph_Driver/src/misc.o
 .group         0x0000000000000000        0x8 includes/STM32F4xx_StdPeriph_Driver/src/misc.o
 .group         0x0000000000000000        0x8 includes/STM32F4xx_StdPeriph_Driver/src/misc.o
 .group         0x0000000000000000        0x8 includes/STM32F4xx_StdPeriph_Driver/src/misc.o
[...]
Memory Configuration

Name             Origin             Length             Attributes
FLASH            0x0000000008000000 0x0000000000100000 xr
RAM              0x0000000020000000 0x0000000000020000 xrw
MEMORY_B1        0x0000000060000000 0x0000000000000000 xr
*default*        0x0000000000000000 0xffffffffffffffff

Linker script and memory map

                0x0000000020020000                _estack = 0x20020000
                0x0000000000000000                _Min_Heap_Size = 0x0
                0x0000000000000400                _Min_Stack_Size = 0x400

.isr_vector     0x0000000008000000      0x188
                0x0000000008000000                . = ALIGN (0x4)
 *(.isr_vector)
 .isr_vector    0x0000000008000000      0x188 source/startup_stm32f4xx.o
                0x0000000008000000                g_pfnVectors
                0x0000000008000188                . = ALIGN (0x4)

.text           0x0000000008000188      0x25c
                0x0000000008000188                . = ALIGN (0x4)
 *(.text)
 *(.text*)
 .text.EXTI_GetITStatus
                0x0000000008000188       0x48 includes/STM32F4xx_StdPeriph_Driver/src/stm32f4xx_exti.o
                0x0000000008000188                EXTI_GetITStatus
 .text.EXTI_ClearITPendingBit
                0x00000000080001d0       0x1c includes/STM32F4xx_StdPeriph_Driver/src/stm32f4xx_exti.o
                0x00000000080001d0                EXTI_ClearITPendingBit
 .text.GPIO_ToggleBits
                0x00000000080001ec       0x24 includes/STM32F4xx_StdPeriph_Driver/src/stm32f4xx_gpio.o
                0x00000000080001ec                GPIO_ToggleBits
 .text.main     0x0000000008000210        0xc source/main.o
                0x0000000008000210                main
 .text.EXTI0_IRQHandler
                0x000000000800021c       0x24 source/main.o
                0x000000000800021c                EXTI0_IRQHandler
 .text.Reset_Handler
                0x0000000008000240       0x44 source/startup_stm32f4xx.o
                0x0000000008000240                Reset_Handler
 .text.Default_Handler
                0x0000000008000284        0x2 source/startup_stm32f4xx.o
                0x0000000008000284                DMA1_Stream3_IRQHandler
                0x0000000008000284                HASH_RNG_IRQHandler
                0x0000000008000284                EXTI2_IRQHandler
                0x0000000008000284                TIM8_CC_IRQHandler
                0x0000000008000284                DebugMon_Handler
                0x0000000008000284                TIM1_CC_IRQHandler
                0x0000000008000284                DMA2_Stream5_IRQHandler
                0x0000000008000284                HardFault_Handler
                0x0000000008000284                DMA1_Stream5_IRQHandler
                0x0000000008000284                SysTick_Handler
                0x0000000008000284                PVD_IRQHandler
                0x0000000008000284                SDIO_IRQHandler
                0x0000000008000284                TAMP_STAMP_IRQHandler
                0x0000000008000284                PendSV_Handler
                0x0000000008000284                NMI_Handler
                0x0000000008000284                CAN2_RX1_IRQHandler
                0x0000000008000284                EXTI3_IRQHandler
                0x0000000008000284                TIM8_TRG_COM_TIM14_IRQHandler
                0x0000000008000284                TIM1_UP_TIM10_IRQHandler
                0x0000000008000284                TIM8_UP_TIM13_IRQHandler
                0x0000000008000284                I2C3_ER_IRQHandler
                0x0000000008000284                I2C2_EV_IRQHandler
                0x0000000008000284                DMA1_Stream2_IRQHandler
                0x0000000008000284                CAN1_RX0_IRQHandler
                0x0000000008000284                FPU_IRQHandler
                0x0000000008000284                OTG_HS_WKUP_IRQHandler
                0x0000000008000284                UsageFault_Handler
                0x0000000008000284                CAN2_SCE_IRQHandler
                0x0000000008000284                DMA2_Stream2_IRQHandler
                0x0000000008000284                SPI1_IRQHandler
                0x0000000008000284                TIM6_DAC_IRQHandler
                0x0000000008000284                TIM1_BRK_TIM9_IRQHandler
                0x0000000008000284                DCMI_IRQHandler
                0x0000000008000284                CAN2_RX0_IRQHandler
                0x0000000008000284                DMA2_Stream3_IRQHandler
                0x0000000008000284                USART6_IRQHandler
                0x0000000008000284                USART3_IRQHandler
                0x0000000008000284                CRYP_IRQHandler
                0x0000000008000284                CAN1_RX1_IRQHandler
                0x0000000008000284                UART5_IRQHandler
                0x0000000008000284                DMA2_Stream0_IRQHandler
                0x0000000008000284                TIM4_IRQHandler
                0x0000000008000284                I2C1_EV_IRQHandler
                0x0000000008000284                DMA1_Stream6_IRQHandler
                0x0000000008000284                DMA1_Stream1_IRQHandler
                0x0000000008000284                UART4_IRQHandler
                0x0000000008000284                TIM3_IRQHandler
                0x0000000008000284                RCC_IRQHandler
                0x0000000008000284                TIM8_BRK_TIM12_IRQHandler
                0x0000000008000284                Default_Handler
                0x0000000008000284                EXTI15_10_IRQHandler
                0x0000000008000284                ADC_IRQHandler
                0x0000000008000284                DMA1_Stream7_IRQHandler
                0x0000000008000284                TIM7_IRQHandler
                0x0000000008000284                CAN2_TX_IRQHandler
                0x0000000008000284                TIM5_IRQHandler
                0x0000000008000284                DMA2_Stream7_IRQHandler
                0x0000000008000284                I2C3_EV_IRQHandler
                0x0000000008000284                EXTI9_5_IRQHandler
                0x0000000008000284                RTC_WKUP_IRQHandler
                0x0000000008000284                ETH_WKUP_IRQHandler
                0x0000000008000284                SPI2_IRQHandler
                0x0000000008000284                OTG_HS_EP1_IN_IRQHandler
                0x0000000008000284                MemManage_Handler
                0x0000000008000284                DMA1_Stream0_IRQHandler
                0x0000000008000284                CAN1_TX_IRQHandler
                0x0000000008000284                SVC_Handler
                0x0000000008000284                EXTI4_IRQHandler
                0x0000000008000284                FSMC_IRQHandler
                0x0000000008000284                ETH_IRQHandler
                0x0000000008000284                OTG_HS_EP1_OUT_IRQHandler
                0x0000000008000284                WWDG_IRQHandler
                0x0000000008000284                TIM2_IRQHandler
                0x0000000008000284                OTG_FS_WKUP_IRQHandler
                0x0000000008000284                TIM1_TRG_COM_TIM11_IRQHandler
                0x0000000008000284                OTG_HS_IRQHandler
                0x0000000008000284                EXTI1_IRQHandler
                0x0000000008000284                USART2_IRQHandler
                0x0000000008000284                I2C2_ER_IRQHandler
                0x0000000008000284                DMA2_Stream1_IRQHandler
                0x0000000008000284                CAN1_SCE_IRQHandler
                0x0000000008000284                FLASH_IRQHandler
                0x0000000008000284                DMA2_Stream4_IRQHandler
                0x0000000008000284                BusFault_Handler
                0x0000000008000284                USART1_IRQHandler
                0x0000000008000284                OTG_FS_IRQHandler
                0x0000000008000284                SPI3_IRQHandler
                0x0000000008000284                DMA1_Stream4_IRQHandler
                0x0000000008000284                I2C1_ER_IRQHandler
                0x0000000008000284                DMA2_Stream6_IRQHandler
                0x0000000008000284                RTC_Alarm_IRQHandler
 *fill*         0x0000000008000286        0x2 
 .text.SystemInit
                0x0000000008000288       0x68 source/system_stm32f4xx.o
                0x0000000008000288                SystemInit
 .text.SetSysClock
                0x00000000080002f0       0xf4 source/system_stm32f4xx.o
 *(.rodata)
 *(.rodata*)
 *(.glue_7)
 .glue_7        0x0000000000000000        0x0 linker stubs
 *(.glue_7t)
 .glue_7t       0x0000000000000000        0x0 linker stubs
 *(.eh_frame)
 *(.init)
 *(.fini)
                0x00000000080003e4                . = ALIGN (0x4)
                0x00000000080003e4                _etext = .

.vfp11_veneer   0x00000000080003e4        0x0
 .vfp11_veneer  0x0000000000000000        0x0 linker stubs

.v4_bx          0x00000000080003e4        0x0
 .v4_bx         0x0000000000000000        0x0 linker stubs

.iplt           0x00000000080003e4        0x0
 .iplt          0x0000000000000000        0x0 includes/STM32F4xx_StdPeriph_Driver/src/misc.o

.rel.dyn        0x00000000080003e4        0x0
 .rel.iplt      0x0000000000000000        0x0 includes/STM32F4xx_StdPeriph_Driver/src/misc.o

.ARM.extab
 *(.ARM.extab* .gnu.linkonce.armextab.*)

.ARM            0x00000000080003e4        0x0
                0x00000000080003e4                __exidx_start = .
 *(.ARM.exidx*)
                0x00000000080003e4                __exidx_end = .

.preinit_array  0x00000000080003e4        0x0
                0x00000000080003e4                PROVIDE (__preinit_array_start, .)
 *(.preinit_array*)
                0x00000000080003e4                PROVIDE (__preinit_array_end, .)

.init_array     0x00000000080003e4        0x0
                0x00000000080003e4                PROVIDE (__init_array_start, .)
 *(SORT(.init_array.*))
 *(.init_array*)
                0x00000000080003e4                PROVIDE (__init_array_end, .)

.fini_array     0x00000000080003e4        0x0
                0x00000000080003e4                PROVIDE (__fini_array_start, .)
 *(.fini_array*)
 *(SORT(.fini_array.*))
                0x00000000080003e4                PROVIDE (__fini_array_end, .)
                0x00000000080003e4                _sidata = .

.data           0x0000000020000000        0x0 load address 0x00000000080003e4
                0x0000000020000000                . = ALIGN (0x4)
                0x0000000020000000                _sdata = .
 *(.data)
 *(.data*)
                0x0000000020000000                . = ALIGN (0x4)
                0x0000000020000000                _edata = .

.igot.plt       0x0000000020000000        0x0 load address 0x00000000080003e4
 .igot.plt      0x0000000000000000        0x0 includes/STM32F4xx_StdPeriph_Driver/src/misc.o
                0x0000000020000000                . = ALIGN (0x4)

.bss            0x0000000020000000        0x0 load address 0x00000000080003e4
                0x0000000020000000                _sbss = .
                0x0000000020000000                __bss_start__ = _sbss
 *(.bss)
 *(.bss*)
 *(COMMON)
                0x0000000020000000                . = ALIGN (0x4)
                0x0000000020000000                _ebss = .
                0x0000000020000000                __bss_end__ = _ebss

._user_heap_stack
                0x0000000020000000      0x400 load address 0x00000000080003e4
                0x0000000020000000                . = ALIGN (0x4)
                0x0000000020000000                PROVIDE (end, .)
                0x0000000020000000                PROVIDE (_end, .)
                0x0000000020000000                . = (. + _Min_Heap_Size)
                0x0000000020000400                . = (. + _Min_Stack_Size)
 *fill*         0x0000000020000000      0x400 
                0x0000000020000400                . = ALIGN (0x4)

.memory_b1_text
 *(.mb1text)
 *(.mb1text*)
 *(.mb1rodata)
 *(.mb1rodata*)

/DISCARD/
 libc.a(*)
 libm.a(*)
 libgcc.a(*)

.ARM.attributes
                0x0000000000000000       0x37
 *(.ARM.attributes)
 .ARM.attributes
                0x0000000000000000       0x37 includes/STM32F4xx_StdPeriph_Driver/src/stm32f4xx_exti.o
 .ARM.attributes
                0x0000000000000037       0x37 includes/STM32F4xx_StdPeriph_Driver/src/stm32f4xx_gpio.o
 .ARM.attributes
                0x000000000000006e       0x37 source/main.o
 .ARM.attributes
                0x00000000000000a5       0x21 source/startup_stm32f4xx.o
 .ARM.attributes
                0x00000000000000c6       0x37 source/system_stm32f4xx.o
LOAD includes/STM32F4xx_StdPeriph_Driver/src/misc.o
LOAD includes/STM32F4xx_StdPeriph_Driver/src/stm32f4xx_adc.o
LOAD includes/STM32F4xx_StdPeriph_Driver/src/stm32f4xx_can.o
LOAD includes/STM32F4xx_StdPeriph_Driver/src/stm32f4xx_crc.o
LOAD includes/STM32F4xx_StdPeriph_Driver/src/stm32f4xx_cryp.o
LOAD includes/STM32F4xx_StdPeriph_Driver/src/stm32f4xx_cryp_aes.o
LOAD includes/STM32F4xx_StdPeriph_Driver/src/stm32f4xx_cryp_des.o
LOAD includes/STM32F4xx_StdPeriph_Driver/src/stm32f4xx_cryp_tdes.o
LOAD includes/STM32F4xx_StdPeriph_Driver/src/stm32f4xx_dac.o
LOAD includes/STM32F4xx_StdPeriph_Driver/src/stm32f4xx_dbgmcu.o
LOAD includes/STM32F4xx_StdPeriph_Driver/src/stm32f4xx_dcmi.o
LOAD includes/STM32F4xx_StdPeriph_Driver/src/stm32f4xx_dma.o
LOAD includes/STM32F4xx_StdPeriph_Driver/src/stm32f4xx_exti.o
LOAD includes/STM32F4xx_StdPeriph_Driver/src/stm32f4xx_flash.o
LOAD includes/STM32F4xx_StdPeriph_Driver/src/stm32f4xx_fsmc.o
LOAD includes/STM32F4xx_StdPeriph_Driver/src/stm32f4xx_gpio.o
LOAD includes/STM32F4xx_StdPeriph_Driver/src/stm32f4xx_hash.o
LOAD includes/STM32F4xx_StdPeriph_Driver/src/stm32f4xx_hash_md5.o
LOAD includes/STM32F4xx_StdPeriph_Driver/src/stm32f4xx_hash_sha1.o
LOAD includes/STM32F4xx_StdPeriph_Driver/src/stm32f4xx_i2c.o
LOAD includes/STM32F4xx_StdPeriph_Driver/src/stm32f4xx_iwdg.o
LOAD includes/STM32F4xx_StdPeriph_Driver/src/stm32f4xx_pwr.o
LOAD includes/STM32F4xx_StdPeriph_Driver/src/stm32f4xx_rcc.o
LOAD includes/STM32F4xx_StdPeriph_Driver/src/stm32f4xx_rng.o
LOAD includes/STM32F4xx_StdPeriph_Driver/src/stm32f4xx_rtc.o
LOAD includes/STM32F4xx_StdPeriph_Driver/src/stm32f4xx_sdio.o
LOAD includes/STM32F4xx_StdPeriph_Driver/src/stm32f4xx_spi.o
LOAD includes/STM32F4xx_StdPeriph_Driver/src/stm32f4xx_syscfg.o
LOAD includes/STM32F4xx_StdPeriph_Driver/src/stm32f4xx_tim.o
LOAD includes/STM32F4xx_StdPeriph_Driver/src/stm32f4xx_usart.o
LOAD includes/STM32F4xx_StdPeriph_Driver/src/stm32f4xx_wwdg.o
LOAD source/main.o
LOAD source/midi.o
LOAD source/startup_stm32f4xx.o
LOAD source/system_stm32f4xx.o
LOAD source/wave/wave.o
LOAD /Users/lexlevi/Desktop/arm/gcc-arm/bin/../lib/gcc/arm-none-eabi/4.9.3/../../../../arm-none-eabi/lib/libm.a
START GROUP
LOAD /Users/lexlevi/Desktop/arm/gcc-arm/bin/../lib/gcc/arm-none-eabi/4.9.3/libgcc.a
LOAD /Users/lexlevi/Desktop/arm/gcc-arm/bin/../lib/gcc/arm-none-eabi/4.9.3/../../../../arm-none-eabi/lib/libg.a
LOAD /Users/lexlevi/Desktop/arm/gcc-arm/bin/../lib/gcc/arm-none-eabi/4.9.3/../../../../arm-none-eabi/lib/libc.a
END GROUP
OUTPUT(Armsy.elf elf32-littlearm)

.debug_info     0x0000000000000000     0x180a
 .debug_info    0x0000000000000000      0x36b includes/STM32F4xx_StdPeriph_Driver/src/stm32f4xx_exti.o
 .debug_info    0x000000000000036b      0x629 includes/STM32F4xx_StdPeriph_Driver/src/stm32f4xx_gpio.o
 .debug_info    0x0000000000000994      0x84f source/main.o
 .debug_info    0x00000000000011e3       0x71 source/startup_stm32f4xx.o
 .debug_info    0x0000000000001254      0x5b6 source/system_stm32f4xx.o

.debug_abbrev   0x0000000000000000      0x60e
 .debug_abbrev  0x0000000000000000      0x1aa includes/STM32F4xx_StdPeriph_Driver/src/stm32f4xx_exti.o
 .debug_abbrev  0x00000000000001aa      0x1a8 includes/STM32F4xx_StdPeriph_Driver/src/stm32f4xx_gpio.o
 .debug_abbrev  0x0000000000000352      0x16f source/main.o
 .debug_abbrev  0x00000000000004c1       0x12 source/startup_stm32f4xx.o
 .debug_abbrev  0x00000000000004d3      0x13b source/system_stm32f4xx.o

.debug_aranges  0x0000000000000000      0x198
 .debug_aranges
                0x0000000000000000       0x58 includes/STM32F4xx_StdPeriph_Driver/src/stm32f4xx_exti.o
 .debug_aranges
                0x0000000000000058       0x88 includes/STM32F4xx_StdPeriph_Driver/src/stm32f4xx_gpio.o
 .debug_aranges
                0x00000000000000e0       0x60 source/main.o
 .debug_aranges
                0x0000000000000140       0x28 source/startup_stm32f4xx.o
 .debug_aranges
                0x0000000000000168       0x30 source/system_stm32f4xx.o

.debug_ranges   0x0000000000000000      0x150
 .debug_ranges  0x0000000000000000       0x48 includes/STM32F4xx_StdPeriph_Driver/src/stm32f4xx_exti.o
 .debug_ranges  0x0000000000000048       0x78 includes/STM32F4xx_StdPeriph_Driver/src/stm32f4xx_gpio.o
 .debug_ranges  0x00000000000000c0       0x50 source/main.o
 .debug_ranges  0x0000000000000110       0x20 source/startup_stm32f4xx.o
 .debug_ranges  0x0000000000000130       0x20 source/system_stm32f4xx.o

.debug_macro    0x0000000000000000     0x21d4
 .debug_macro   0x0000000000000000      0x149 includes/STM32F4xx_StdPeriph_Driver/src/stm32f4xx_exti.o
 .debug_macro   0x0000000000000149       0xa6 includes/STM32F4xx_StdPeriph_Driver/src/stm32f4xx_exti.o
 .debug_macro   0x00000000000001ef      0x14c includes/STM32F4xx_StdPeriph_Driver/src/stm32f4xx_gpio.o
 .debug_macro   0x000000000000033b      0x25f includes/STM32F4xx_StdPeriph_Driver/src/stm32f4xx_gpio.o
 .debug_macro   0x000000000000059a      0x1b9 source/main.o
 .debug_macro   0x0000000000000753       0x28 source/main.o
 .debug_macro   0x000000000000077b       0x88 source/main.o
 .debug_macro   0x0000000000000803      0x220 source/main.o
 .debug_macro   0x0000000000000a23      0x265 source/main.o
 .debug_macro   0x0000000000000c88       0xdf source/main.o
 .debug_macro   0x0000000000000d67      0x477 source/main.o
 .debug_macro   0x00000000000011de      0x73b source/main.o
 .debug_macro   0x0000000000001919       0xac source/main.o
 .debug_macro   0x00000000000019c5      0x36a source/main.o
 .debug_macro   0x0000000000001d2f      0x2b1 source/main.o
 .debug_macro   0x0000000000001fe0       0x22 source/main.o
 .debug_macro   0x0000000000002002       0x7f source/main.o
 .debug_macro   0x0000000000002081      0x153 source/system_stm32f4xx.o

.debug_line     0x0000000000000000     0x121d
 .debug_line    0x0000000000000000      0x42e includes/STM32F4xx_StdPeriph_Driver/src/stm32f4xx_exti.o
 .debug_line    0x000000000000042e      0x4df includes/STM32F4xx_StdPeriph_Driver/src/stm32f4xx_gpio.o
 .debug_line    0x000000000000090d      0x51e source/main.o
 .debug_line    0x0000000000000e2b       0x79 source/startup_stm32f4xx.o
 .debug_line    0x0000000000000ea4      0x379 source/system_stm32f4xx.o

.debug_str      0x0000000000000000    0x481df
 .debug_str     0x0000000000000000    0x36364 includes/STM32F4xx_StdPeriph_Driver/src/stm32f4xx_exti.o
                                      0x36567 (size before relaxing)
 .debug_str     0x0000000000036364     0x460a includes/STM32F4xx_StdPeriph_Driver/src/stm32f4xx_gpio.o
                                      0x3a2c7 (size before relaxing)
 .debug_str     0x000000000003a96e     0xd671 source/main.o
                                      0x47f39 (size before relaxing)
 .debug_str     0x0000000000047fdf      0x200 source/system_stm32f4xx.o
                                      0x35f02 (size before relaxing)

.comment        0x0000000000000000       0x70
 .comment       0x0000000000000000       0x70 includes/STM32F4xx_StdPeriph_Driver/src/stm32f4xx_exti.o
                                         0x71 (size before relaxing)
 .comment       0x0000000000000000       0x71 includes/STM32F4xx_StdPeriph_Driver/src/stm32f4xx_gpio.o
 .comment       0x0000000000000000       0x71 source/main.o
 .comment       0x0000000000000000       0x71 source/system_stm32f4xx.o

.debug_frame    0x0000000000000000      0x53c
 .debug_frame   0x0000000000000000      0x148 includes/STM32F4xx_StdPeriph_Driver/src/stm32f4xx_exti.o
 .debug_frame   0x0000000000000148      0x23c includes/STM32F4xx_StdPeriph_Driver/src/stm32f4xx_gpio.o
 .debug_frame   0x0000000000000384      0x13c source/main.o
 .debug_frame   0x00000000000004c0       0x7c source/system_stm32f4xx.o
